<html>
<body>
<pre>
<h1>µVision Build Log</h1>
<h2>Tool Versions:</h2>
IDE-Version: µVision V5.36.0.0
Copyright (C) 2021 ARM Ltd and ARM Germany GmbH. All rights reserved.
License Information: Ebraheem Elfishawy, Ebraheem, LIC=----
 
Tool Versions:
Toolchain:       MDK-Lite  Version: 5.36.0.0
Toolchain Path:  C:\Keil_v5\ARM\ARMCLANG\Bin
C Compiler:      ArmClang.exe V6.16
Assembler:       Armasm.exe V6.16
Linker/Locator:  ArmLink.exe V6.16
Library Manager: ArmAr.exe V6.16
Hex Converter:   FromElf.exe V6.16
CPU DLL:         SARMCM3.DLL V5.36.0.0
Dialog DLL:      DCM.DLL V1.17.3.0
Target DLL:      STLink\ST-LINKIII-KEIL_SWO.dll V3.0.9.0
Dialog DLL:      TCM.DLL V1.53.0.0
 
<h2>Project:</h2>
H:\Youtube_EmbeddedCpp\Repositories\EmbeddedCpp\EmbeddedCppWithArm\EmbeddedCppWithArm.uvprojx
Project File Date:  07/17/2023

<h2>Output:</h2>
*** Using Compiler 'V6.16', folder: 'C:\Keil_v5\ARM\ARMCLANG\Bin'
Rebuild target 'STMF446RE'
assembling startup_stm32f446xx.s...
rcc.cpp(1): warning: In file included from...
./rcc.h(37): warning: C++98 requires newline at end of file [-Wc++98-compat-pedantic]
#endif
      ^
rcc.cpp(3): warning: use of old-style cast [-Wold-style-cast]
RCC_TypeDef* RCC_MemoryMapBase = (RCC_TypeDef*) RCC_BASE;
                                 ^              ~~~~~~~~
rcc.cpp(3): warning: no previous extern declaration for non-static variable 'RCC_MemoryMapBase' [-Wmissing-variable-declarations]
RCC_TypeDef* RCC_MemoryMapBase = (RCC_TypeDef*) RCC_BASE;
             ^
rcc.cpp(3): note: declare 'static' if the variable is not intended to be used outside of this translation unit
RCC_TypeDef* RCC_MemoryMapBase = (RCC_TypeDef*) RCC_BASE;
^
rcc.cpp(40): warning: default label in switch which covers all enumeration values [-Wcovered-switch-default]
                default:
                ^
rcc.cpp(48): warning: C++98 requires newline at end of file [-Wc++98-compat-pedantic]
}
 ^
5 warnings generated.
compiling rcc.cpp...
compiling system_stm32f4xx.c...
main.cpp(1): warning: In file included from...
./rcc.h(37): warning: C++98 requires newline at end of file [-Wc++98-compat-pedantic]
#endif
      ^
main.cpp(2): warning: no previous extern declaration for non-static variable 'RCC_object' [-Wmissing-variable-declarations]
rcc RCC_object;
    ^
main.cpp(2): note: declare 'static' if the variable is not intended to be used outside of this translation unit
rcc RCC_object;
^
main.cpp(2): warning: declaration requires a global constructor [-Wglobal-constructors]
rcc RCC_object;
    ^~~~~~~~~~
main.cpp(4): warning: no previous extern declaration for non-static variable 'usedPort' [-Wmissing-variable-declarations]
RCC_GpioPortName_t usedPort = RCC_GPIO_PORT_A;
                   ^
main.cpp(4): note: declare 'static' if the variable is not intended to be used outside of this translation unit
RCC_GpioPortName_t usedPort = RCC_GPIO_PORT_A;
^
main.cpp(9): warning: C++98 requires newline at end of file [-Wc++98-compat-pedantic]
}
 ^
5 warnings generated.
compiling main.cpp...
linking...
Program Size: Code=552 RO-data=488 RW-data=4 ZI-data=1640  
".\Objects\EmbeddedCppWithArm.axf" - 0 Error(s), 10 Warning(s).

<h2>Software Packages used:</h2>

Package Vendor: ARM
                http://www.keil.com/pack/ARM.CMSIS.5.9.0.pack
                ARM.CMSIS.5.9.0
                CMSIS (Common Microcontroller Software Interface Standard)
   * Component: CORE Version: 5.6.0

Package Vendor: Keil
                http://www.keil.com/pack/Keil.STM32F4xx_DFP.2.16.0.pack
                Keil.STM32F4xx_DFP.2.16.0
                STMicroelectronics STM32F4 Series Device Support, Drivers and Examples
   * Component: Startup Version: 2.6.3

<h2>Collection of Component include folders:</h2>
  .\RTE\_STMF446RE
  C:\Users\ebrah\AppData\Local\Arm\Packs\ARM\CMSIS\5.9.0\CMSIS\Core\Include
  C:\Users\ebrah\AppData\Local\Arm\Packs\Keil\STM32F4xx_DFP\2.16.0\Drivers\CMSIS\Device\ST\STM32F4xx\Include

<h2>Collection of Component Files used:</h2>

   * Component: ARM::CMSIS:CORE:5.6.0

   * Component: Keil::Device:Startup:2.6.3
      Source file:   MDK\Device\Source\ARM\STM32F4xx_OTP.s
      Source file:   MDK\Device\Source\ARM\STM32F446xx_OPT.s
      Include file:  Drivers\CMSIS\Device\ST\STM32F4xx\Include\stm32f4xx.h
      Source file:   Drivers\CMSIS\Device\ST\STM32F4xx\Source\Templates\arm\startup_stm32f446xx.s
      Source file:   Drivers\CMSIS\Device\ST\STM32F4xx\Source\Templates\system_stm32f4xx.c
Build Time Elapsed:  00:00:02
</pre>
</body>
</html>
